// Jest Snapshot v1, https://goo.gl/fbAQLP

exports[`renders snapshot correctly 1`] = `
<PageWrapper
  title="Tervetuloa kulttuurin kummilapseksi! - Kulttuurin kummilapset"
>
  <div
    className="welcome"
  >
    <h1>
      Tervetuloa kulttuurin kummilapseksi!
    </h1>
    <Icon
      alt="Tada!"
      className="tada"
      src="tada.svg"
    />
    <Button
      className="submitButton"
      onClick={[Function]}
    >
      Oma kummilapsiprofiili
    </Button>
  </div>
</PageWrapper>
`;
