// Jest Snapshot v1, https://goo.gl/fbAQLP

exports[`renders snapshot correctly 1`] = `"<div class=\\"selectField\\"><label for=\\"fooSelect\\">select label</label><select id=\\"fooSelect\\"><option selected=\\"\\" value=\\"foo\\">foo_label</option><option value=\\"bar\\">bar_label</option></select></div>"`;
