// Jest Snapshot v1, https://goo.gl/fbAQLP

exports[`renders snapshot correctly 1`] = `
<div
  className="homeForm"
>
  <Formik
    initialErrors={
      Object {
        "childBirthdate": "validation.date.invalidFormat",
      }
    }
    onSubmit={[Function]}
    validate={[Function]}
  >
    <Component />
  </Formik>
</div>
`;
