// Jest Snapshot v1, https://goo.gl/fbAQLP

exports[`renders snapshot correctly 1`] = `"<div class=\\"wrapper\\"><div class=\\"start\\"><img alt=\\"alt\\" width=\\"200\\" height=\\"200\\"/></div><div class=\\"middle\\"><h3 class=\\"title\\"></h3> <div class=\\"focalPoint\\"></div>foo</div><div class=\\"end\\"><button aria-label=\\" aria label\\" class=\\"actionWrapper\\"><div class=\\"actionText\\"></div><div class=\\"imgWrapper gotoAction\\"><img src=\\"angleDown.svg\\" alt=\\" action\\"/></div></button></div></div>"`;
