// Jest Snapshot v1, https://goo.gl/fbAQLP

exports[`renders snapshot correctly 1`] = `
<div
  className="inputWrapper checkboxInput"
>
  <div
    className="inputTypeWrapper"
  >
    <input
      id="thisCheckbox"
      onBlur={[MockFunction]}
      onChange={[MockFunction]}
      type="checkbox"
      value="wow"
    />
    <label
      htmlFor="thisCheckbox"
    >
      bar
    </label>
  </div>
</div>
`;
