// Jest Snapshot v1, https://goo.gl/fbAQLP

exports[`renders snapshot correctly 1`] = `
<div
  className="inputWrapper textInput"
>
  <div
    className="inputTypeWrapper"
  >
    <label
      htmlFor="foo"
    >
      bar
    </label>
    <input
      id="foo"
      type="text"
    />
  </div>
</div>
`;
