// Jest Snapshot v1, https://goo.gl/fbAQLP

exports[`Navbar render normally 1`] = `
<div
  className="navbarTop"
>
  <div
    className="logoWrapper"
  >
    <div
      className="logo"
      onClick={[Function]}
    />
    <div
      className="appName"
    >
      Kulttuurin kummilapset
    </div>
  </div>
  <div
    className="languageWrapper"
  >
    <LanguageBar />
    <UserDropdown
      isSmallScreen={false}
    />
  </div>
</div>
`;
