// Jest Snapshot v1, https://goo.gl/fbAQLP

exports[`renders snapshot correctly 1`] = `"<div class=\\"pageWrapper\\"><header class=\\"headerWrapper\\"><div class=\\"container\\"><div class=\\"navbarTop\\"><div class=\\"logo\\"></div><h3 class=\\"appName\\">Godchildren of culture</h3></div></div></header><div class=\\"pageBody\\"><div class=\\"container\\"><div class=\\"home\\">Foo</div></div></div><footer class=\\"footerWrapper\\"><div class=\\"container\\"><div class=\\"footer\\"><div class=\\"helsinkiLogo\\"></div><div class=\\"copyright\\"><p>© Copyright 2017 • Kaikki oikeudet pidätetään •</p></div></div></div></footer></div>"`;
