// Jest Snapshot v1, https://goo.gl/fbAQLP

exports[`renders snapshot correctly 1`] = `"<div class=\\"pageWrapper\\"><header class=\\"headerWrapper\\"><div class=\\"container\\"><div class=\\"navbarTop\\"><div class=\\"logoWrapper\\"><div class=\\"logo\\"></div><h3 class=\\"appName\\">Kulttuurin Kummilapset</h3></div><div class=\\"languageDropdown\\"><div class=\\"selectWrapper\\"><select id=\\"languageDropdownNavbar\\"><option value=\\"en\\">EN</option><option value=\\"fi\\">FI</option><option value=\\"sv\\">SV</option></select></div></div></div></div></header><div class=\\"pageBody\\"><div class=\\"container\\"><div class=\\"spinnerWrapper\\"><div class=\\"spinner\\"></div></div></div></div><footer class=\\"footerWrapper\\"><div class=\\"container\\"><div class=\\"footer\\"><div class=\\"helsinkiLogo\\"></div><div class=\\"copyright\\"><p>© Copyright 2019 • All right reserved •</p></div></div></div></footer></div>"`;
