// Jest Snapshot v1, https://goo.gl/fbAQLP

exports[`renders snapshot correctly 1`] = `
<ContextProvider
  value={
    Object {
      "store": Object {
        "dispatch": [Function],
        "getState": [Function],
        "replaceReducer": [Function],
        "subscribe": [Function],
        Symbol(observable): [Function],
      },
      "subscription": Subscription {
        "handleChangeWrapper": [Function],
        "listeners": Object {
          "notify": [Function],
        },
        "onStateChange": [Function],
        "parentSub": undefined,
        "store": Object {
          "dispatch": [Function],
          "getState": [Function],
          "replaceReducer": [Function],
          "subscribe": [Function],
          Symbol(observable): [Function],
        },
        "unsubscribe": null,
      },
    }
  }
>
  <MockedProvider
    addTypename={true}
  >
    <EditProfileModal
      initialValues={
        Object {
          "children": Object {
            "edges": Array [],
          },
          "email": "email@example.com",
          "firstName": "asdf",
          "id": "yuiop",
          "language": "SV",
          "lastName": "fdsa",
          "phoneNumber": "0904422233",
        }
      }
      isOpen={true}
      setIsOpen={[MockFunction]}
    />
  </MockedProvider>
</ContextProvider>
`;
