// Jest Snapshot v1, https://goo.gl/fbAQLP

exports[`renders snapshot correctly 1`] = `"<div class=\\"home\\"><div class=\\"hero\\"><div class=\\"heroContainer\\"><h1>Kulttuurin Kummilapset 2020</h1><p class=\\"description\\">Helsingin Kaupunginorkesteri kutsuu kummilapsikseen kaikki vuonna 2020 syntyneet Helsinkiläislapset! Lapsi perheineen kutsutaan kahdesti vuodessa nauttimaan KHO:n järjestämästä kulttuurista täysin ilmaiseksi! Liity mukaan!</p><p class=\\"notEligible\\">Valitettavasti lapsen syntymävuosi tai kotipaikkakunta eivät oikeuta häntä kulttuurin kummilapset toimintaan.</p></div></div></div>"`;
