// Jest Snapshot v1, https://goo.gl/fbAQLP

exports[`renders snapshot correctly 1`] = `
<Container>
  <div
    className="home"
  >
    <div
      className="hero"
    >
      <div
        className="heroContainer"
      >
        <h1>
          Kulttuurin Kummilapset 2020
        </h1>
        <p
          className="description"
        >
          Helsingin Kaupunginorkesteri kutsuu kummilapsikseen kaikki vuonna 2020 syntyneet Helsinkiläislapset! Lapsi perheineen kutsutaan kahdesti vuodessa nauttimaan KHO:n järjestämästä kulttuurista täysin ilmaiseksi! Liity mukaan!
        </p>
        <div
          className="notEligible"
        >
          <Icon
            alt="Non eligible face"
            className="notEligibleFace"
            src="adultFace.svg"
          />
          <p>
            Valitettavasti lapsen syntymävuosi tai kotipaikkakunta eivät oikeuta häntä kulttuurin kummilapset toimintaan.
          </p>
        </div>
        <div
          className="goBackButton"
        >
          <Button
            onClick={[Function]}
          >
            Return to registration page
          </Button>
        </div>
      </div>
    </div>
  </div>
</Container>
`;
