// Jest Snapshot v1, https://goo.gl/fbAQLP

exports[`Renders snapshot correctly 1`] = `
<Fragment>
  <h2>
    Tapahtumakutsut
  </h2>
  <Card
    action={[Function]}
    actionText="Ilmoittaudu tapahtumaan"
    image="http://localhost:8081/media/2020-02-15-184035_1920x1080_scrot.png"
    key="RXZlbnROb2RlOjE="
    primaryAction={[Function]}
    primaryActionText="Ilmoittaudu tapahtumaan"
    title="pentti"
  >
    <p>
      eventti
    </p>
  </Card>
  <h2>
    Tulevat tapahtumat
  </h2>
  <Card
    action={[Function]}
    actionText="Näytä tapahtuman tiedot"
    className="enrolment"
    extraElement={
      <QRCode
        bgColor="#FFFFFF"
        ecLevel="H"
        enableCORS={false}
        fgColor="#000000"
        logoOpacity={1}
        qrStyle="squares"
        quietZone={10}
        size={150}
        value="Hello World - this works"
      />
    }
    focalContent={
      <div
        className="row"
      >
        <div
          className="label"
        >
          <Icon
            alt=" action"
            className="labelIcon"
            src="close.svg"
          />
          <div>
            24.02.2020
          </div>
        </div>
        <div
          className="label"
        >
          <Icon
            alt=" action"
            className="labelIcon"
            src="clock.svg"
          />
          <div>
            09.07 - 10.07
          </div>
        </div>
        <div
          className="label"
        >
          <Icon
            alt=" action"
            className="labelIcon"
            src="location.svg"
          />
          <div>
            
          </div>
        </div>
      </div>
    }
    image="http://localhost:8081/media/2020-02-15-184035_1920x1080_scrot.png"
    key="RXZlbnROb2RlOjE="
    title="pentti"
  >
    <p>
      eventti
    </p>
  </Card>
  <h2>
    Menneet tapahtumat
  </h2>
  <Card
    action={[Function]}
    actionText="Näytä tapahtuman tiedot"
    image="http://localhost:8081/media/2020-02-15-184035_1920x1080_scrot.png"
    key="RXZlbnROb2RlOjE="
    title="pentti"
  >
    <p>
      eventti
    </p>
  </Card>
</Fragment>
`;
