// Jest Snapshot v1, https://goo.gl/fbAQLP

exports[`renders snapshot correctly 1`] = `
<div
  className="pageWrapper"
>
  <Helmet
    defer={true}
    encodeSpecialCharacters={true}
  >
    <html
      lang="fi"
    />
    <title>
      Kulttuurin kummilapset
    </title>
    <meta
      content="Kaikki vuodesta 2020 eteenpäin syntyvät helsinkiläiset lapset kutsutaan kulttuurin kummilapsiksi. Kummilapset saavat kutsun vuosittain kahteen tapahtumaan, kunnes lapsi aloittaa koulun. Tapahtumat ovat maksuttomia."
      name="description"
    />
  </Helmet>
  <Container />
</div>
`;
