// Jest Snapshot v1, https://goo.gl/fbAQLP

exports[`renders snapshot correctly 1`] = `"<footer class=\\"footerWrapper\\"><div class=\\"container\\"><div class=\\"footer\\"><div class=\\"helsinkiLogo\\"></div><div class=\\"copyright\\"><p>© Copyright 2020 • Kaikki oikeudet pidätetään</p></div><div class=\\"links\\"><a href=\\"/accessibility#start\\">Saavutettavuusseloste</a> • <a href=\\"/terms\\">Käyttöehdot</a> • <a href=\\"https://www.hel.fi/static/liitteet/kanslia/rekisteriselosteet/Kuva/Kuva-EU-Kaupunginorkesterin-kummiperherekisteri.pdf\\" target=\\"_blank\\" rel=\\"noopener noreferrer\\">Rekisteriseloste</a></div></div></div></footer>"`;
